#
# There is insufficient memory for the Java Runtime Environment to continue.
# Native memory allocation (malloc) failed to allocate 1048576 bytes. Error detail: AllocateHeap
# Possible reasons:
#   The system is out of physical RAM or swap space
#   This process is running with CompressedOops enabled, and the Java Heap may be blocking the growth of the native heap
# Possible solutions:
#   Reduce memory load on the system
#   Increase physical memory or swap space
#   Check if swap backing store is full
#   Decrease Java heap size (-Xmx/-Xms)
#   Decrease number of Java threads
#   Decrease Java thread stack sizes (-Xss)
#   Set larger code cache with -XX:ReservedCodeCacheSize=
#   JVM is running with Unscaled Compressed Oops mode in which the Java heap is
#     placed in the first 4GB address space. The Java Heap base address is the
#     maximum limit for the native heap growth. Please use -XX:HeapBaseMinAddress
#     to set the Java Heap base and to place the Java Heap above 4GB virtual address.
# This output file may be truncated or incomplete.
#
#  Out of Memory Error (allocation.cpp:44), pid=19288, tid=12368
#
# JRE version: OpenJDK Runtime Environment Temurin-21.0.9+10 (21.0.9+10) (build 21.0.9+10-LTS)
# Java VM: OpenJDK 64-Bit Server VM Temurin-21.0.9+10 (21.0.9+10-LTS, mixed mode, sharing, tiered, compressed oops, compressed class ptrs, parallel gc, windows-amd64)
# No core dump will be written. Minidumps are not enabled by default on client versions of Windows
#

---------------  S U M M A R Y ------------

Command Line: --add-modules=ALL-SYSTEM --add-opens=java.base/java.util=ALL-UNNAMED --add-opens=java.base/java.lang=ALL-UNNAMED --add-opens=java.base/sun.nio.fs=ALL-UNNAMED -Declipse.application=org.eclipse.jdt.ls.core.id1 -Dosgi.bundles.defaultStartLevel=4 -Declipse.product=org.eclipse.jdt.ls.core.product -Djava.import.generatesMetadataFilesAtProjectRoot=false -DDetectVMInstallationsJob.disabled=true -Dfile.encoding=utf8 -XX:+UseParallelGC -XX:GCTimeRatio=4 -XX:AdaptiveSizePolicyWeight=90 -Dsun.zip.disableMemoryMapping=true -Xmx2G -Xms100m -Xlog:disable -javaagent:c:\Users\User\.vscode\extensions\redhat.java-1.49.0-win32-x64\lombok\lombok-1.18.39-4050.jar -XX:+HeapDumpOnOutOfMemoryError -XX:HeapDumpPath=c:\Users\User\AppData\Roaming\Code\User\workspaceStorage\8ac7433a9628a583eba864a3054a3401\redhat.java -Daether.dependencyCollector.impl=bf c:\Users\User\.vscode\extensions\redhat.java-1.49.0-win32-x64\server\plugins\org.eclipse.equinox.launcher_1.7.100.v20251111-0406.jar -configuration c:\Users\User\AppData\Roaming\Code\User\globalStorage\redhat.java\1.49.0\config_win -data c:\Users\User\AppData\Roaming\Code\User\workspaceStorage\8ac7433a9628a583eba864a3054a3401\redhat.java\jdt_ws --pipe=\\.\pipe\lsp-001463703cdce753146d719ac459acef-sock

Host: Intel(R) Core(TM) i5-10210U CPU @ 1.60GHz, 8 cores, 3G,  Windows 11 , 64 bit Build 26100 (10.0.26100.7019)
Time: Mon Nov 24 18:07:25 2025 Hora est. Pacífico, Sudamérica elapsed time: 12985.511711 seconds (0d 3h 36m 25s)

---------------  T H R E A D  ---------------

Current thread (0x000001f929588ac0):  JavaThread "Attach Listener" daemon [_thread_in_vm, id=12368, stack(0x0000006c39700000,0x0000006c39800000) (1024K)]

Stack: [0x0000006c39700000,0x0000006c39800000]
Native frames: (J=compiled Java code, j=interpreted, Vv=VM code, C=native code)
V  [jvm.dll+0x6d6e29]
V  [jvm.dll+0x8b4b76]
V  [jvm.dll+0x8b712e]
V  [jvm.dll+0x8b7813]
V  [jvm.dll+0x283d86]
V  [jvm.dll+0xc1277]
V  [jvm.dll+0x6d76d9]
V  [jvm.dll+0x133466]
V  [jvm.dll+0x3f7ea6]
V  [jvm.dll+0x85e9ad]
V  [jvm.dll+0x6d565d]
C  [ucrtbase.dll+0x37b0]
C  [KERNEL32.DLL+0x2e8d7]
C  [ntdll.dll+0x8c53c]


---------------  P R O C E S S  ---------------

Threads class SMR info:
_java_thread_list=0x000001f9788e2c50, length=37, elements={
0x000001f912b129f0, 0x000001f912bcd350, 0x000001f929585730, 0x000001f929587e70,
0x000001f929588ac0, 0x000001f92958cb00, 0x000001f92958f560, 0x000001f929597d00,
0x000001f970064fd0, 0x000001f9702031d0, 0x000001f9703132e0, 0x000001f97074f450,
0x000001f9707ba710, 0x000001f9709bf620, 0x000001f970452030, 0x000001f9701585a0,
0x000001f970e41590, 0x000001f9700bee90, 0x000001f971206dc0, 0x000001f971207ae0,
0x000001f971208e90, 0x000001f971208170, 0x000001f971208800, 0x000001f971209520,
0x000001f9729f50d0, 0x000001f9729f5df0, 0x000001f9729f3000, 0x000001f9729f3690,
0x000001f9729f5760, 0x000001f9729f2970, 0x000001f9729f6480, 0x000001f9729f6b10,
0x000001f978c7f7c0, 0x000001f978c81f20, 0x000001f973859250, 0x000001f973859f70,
0x000001f973857ea0
}

Java Threads: ( => current thread )
  0x000001f912b129f0 JavaThread "main"                              [_thread_blocked, id=14220, stack(0x0000006c39000000,0x0000006c39100000) (1024K)]
  0x000001f912bcd350 JavaThread "Reference Handler"          daemon [_thread_blocked, id=26600, stack(0x0000006c39400000,0x0000006c39500000) (1024K)]
  0x000001f929585730 JavaThread "Finalizer"                  daemon [_thread_blocked, id=19420, stack(0x0000006c39500000,0x0000006c39600000) (1024K)]
  0x000001f929587e70 JavaThread "Signal Dispatcher"          daemon [_thread_blocked, id=3948, stack(0x0000006c39600000,0x0000006c39700000) (1024K)]
=>0x000001f929588ac0 JavaThread "Attach Listener"            daemon [_thread_in_vm, id=12368, stack(0x0000006c39700000,0x0000006c39800000) (1024K)]
  0x000001f92958cb00 JavaThread "Service Thread"             daemon [_thread_blocked, id=15544, stack(0x0000006c39800000,0x0000006c39900000) (1024K)]
  0x000001f92958f560 JavaThread "Monitor Deflation Thread"   daemon [_thread_blocked, id=11756, stack(0x0000006c39900000,0x0000006c39a00000) (1024K)]
  0x000001f929597d00 JavaThread "C2 CompilerThread0"         daemon [_thread_blocked, id=26208, stack(0x0000006c39a00000,0x0000006c39b00000) (1024K)]
  0x000001f970064fd0 JavaThread "C1 CompilerThread0"         daemon [_thread_blocked, id=25092, stack(0x0000006c39b00000,0x0000006c39c00000) (1024K)]
  0x000001f9702031d0 JavaThread "Common-Cleaner"             daemon [_thread_blocked, id=22816, stack(0x0000006c39c00000,0x0000006c39d00000) (1024K)]
  0x000001f9703132e0 JavaThread "Notification Thread"        daemon [_thread_blocked, id=16120, stack(0x0000006c39d00000,0x0000006c39e00000) (1024K)]
  0x000001f97074f450 JavaThread "Active Thread: Equinox Container: 187a2cd9-b889-4dd6-b8f4-9fad29976801"        [_thread_blocked, id=24776, stack(0x0000006c3a400000,0x0000006c3a500000) (1024K)]
  0x000001f9707ba710 JavaThread "Refresh Thread: Equinox Container: 187a2cd9-b889-4dd6-b8f4-9fad29976801" daemon [_thread_blocked, id=16312, stack(0x0000006c3a500000,0x0000006c3a600000) (1024K)]
  0x000001f9709bf620 JavaThread "Framework Event Dispatcher: Equinox Container: 187a2cd9-b889-4dd6-b8f4-9fad29976801" daemon [_thread_blocked, id=6360, stack(0x0000006c3a700000,0x0000006c3a800000) (1024K)]
  0x000001f970452030 JavaThread "Start Level: Equinox Container: 187a2cd9-b889-4dd6-b8f4-9fad29976801" daemon [_thread_blocked, id=26552, stack(0x0000006c3a800000,0x0000006c3a900000) (1024K)]
  0x000001f9701585a0 JavaThread "Bundle File Closer"         daemon [_thread_blocked, id=24852, stack(0x0000006c3aa00000,0x0000006c3ab00000) (1024K)]
  0x000001f970e41590 JavaThread "SCR Component Actor"        daemon [_thread_blocked, id=8700, stack(0x0000006c3a900000,0x0000006c3aa00000) (1024K)]
  0x000001f9700bee90 JavaThread "Worker-JM"                         [_thread_blocked, id=24772, stack(0x0000006c3ab00000,0x0000006c3ac00000) (1024K)]
  0x000001f971206dc0 JavaThread "Java indexing"              daemon [_thread_blocked, id=10204, stack(0x0000006c3ae00000,0x0000006c3af00000) (1024K)]
  0x000001f971207ae0 JavaThread "JNA Cleaner"                daemon [_thread_blocked, id=1220, stack(0x0000006c3b100000,0x0000006c3b200000) (1024K)]
  0x000001f971208e90 JavaThread "Thread-1"                   daemon [_thread_in_native, id=7288, stack(0x0000006c3b500000,0x0000006c3b600000) (1024K)]
  0x000001f971208170 JavaThread "Thread-2"                   daemon [_thread_in_native, id=8860, stack(0x0000006c3b600000,0x0000006c3b700000) (1024K)]
  0x000001f971208800 JavaThread "Thread-3"                   daemon [_thread_in_native, id=27040, stack(0x0000006c3b700000,0x0000006c3b800000) (1024K)]
  0x000001f971209520 JavaThread "Thread-4"                   daemon [_thread_in_native, id=6688, stack(0x0000006c3b800000,0x0000006c3b900000) (1024K)]
  0x000001f9729f50d0 JavaThread "Thread-5"                   daemon [_thread_in_native, id=15684, stack(0x0000006c3b900000,0x0000006c3ba00000) (1024K)]
  0x000001f9729f5df0 JavaThread "Thread-6"                   daemon [_thread_in_native, id=14088, stack(0x0000006c3ba00000,0x0000006c3bb00000) (1024K)]
  0x000001f9729f3000 JavaThread "Thread-7"                   daemon [_thread_in_native, id=21768, stack(0x0000006c3bb00000,0x0000006c3bc00000) (1024K)]
  0x000001f9729f3690 JavaThread "Thread-8"                   daemon [_thread_in_native, id=4040, stack(0x0000006c3bc00000,0x0000006c3bd00000) (1024K)]
  0x000001f9729f5760 JavaThread "Thread-9"                   daemon [_thread_in_native, id=17428, stack(0x0000006c3bd00000,0x0000006c3be00000) (1024K)]
  0x000001f9729f2970 JavaThread "pool-2-thread-1"                   [_thread_blocked, id=11744, stack(0x0000006c3be00000,0x0000006c3bf00000) (1024K)]
  0x000001f9729f6480 JavaThread "WorkspaceEventsHandler"            [_thread_blocked, id=17728, stack(0x0000006c3bf00000,0x0000006c3c000000) (1024K)]
  0x000001f9729f6b10 JavaThread "pool-1-thread-1"                   [_thread_blocked, id=13788, stack(0x0000006c3c000000,0x0000006c3c100000) (1024K)]
  0x000001f978c7f7c0 JavaThread "Worker-7"                          [_thread_blocked, id=23140, stack(0x0000006c3ac00000,0x0000006c3ad00000) (1024K)]
  0x000001f978c81f20 JavaThread "Cleaner-0"                  daemon [_thread_blocked, id=30676, stack(0x0000006c3c200000,0x0000006c3c300000) (1024K)]
  0x000001f973859250 JavaThread "HttpClient-2-SelectorManager" daemon [_thread_in_native, id=16148, stack(0x0000006c3c500000,0x0000006c3c600000) (1024K)]
  0x000001f973859f70 JavaThread "HttpClient-1-SelectorManager" daemon [_thread_in_native, id=30348, stack(0x0000006c3c600000,0x0000006c3c700000) (1024K)]
  0x000001f973857ea0 JavaThread "Worker-12"                         [_thread_blocked, id=32468, stack(0x0000006c3c400000,0x0000006c3c500000) (1024K)]
Total: 37

Other Threads:
  0x000001f929582600 VMThread "VM Thread"                           [id=22512, stack(0x0000006c39300000,0x0000006c39400000) (1024K)]
  0x000001f92949ca00 WatcherThread "VM Periodic Task Thread"        [id=28172, stack(0x0000006c39200000,0x0000006c39300000) (1024K)]
  0x000001f912b31440 WorkerThread "GC Thread#0"                     [id=6080, stack(0x0000006c39100000,0x0000006c39200000) (1024K)]
  0x000001f9705c0600 WorkerThread "GC Thread#1"                     [id=25156, stack(0x0000006c39e00000,0x0000006c39f00000) (1024K)]
  0x000001f9705c09a0 WorkerThread "GC Thread#2"                     [id=19928, stack(0x0000006c39f00000,0x0000006c3a000000) (1024K)]
  0x000001f9706d4a70 WorkerThread "GC Thread#3"                     [id=19148, stack(0x0000006c3a000000,0x0000006c3a100000) (1024K)]
  0x000001f9706d4e10 WorkerThread "GC Thread#4"                     [id=24016, stack(0x0000006c3a100000,0x0000006c3a200000) (1024K)]
  0x000001f9706c6c80 WorkerThread "GC Thread#5"                     [id=9912, stack(0x0000006c3a200000,0x0000006c3a300000) (1024K)]
  0x000001f9706c7020 WorkerThread "GC Thread#6"                     [id=9576, stack(0x0000006c3a300000,0x0000006c3a400000) (1024K)]
  0x000001f97075e7b0 WorkerThread "GC Thread#7"                     [id=12168, stack(0x0000006c3a600000,0x0000006c3a700000) (1024K)]
Total: 10

Threads with active compile tasks:
Total: 0

VM state: not at safepoint (normal execution)

VM Mutex/Monitor currently owned by a thread: None

Heap address: 0x0000000080000000, size: 2048 MB, Compressed Oops mode: 32-bit

CDS archive(s) mapped at: [0x000001f92a000000-0x000001f92aba0000-0x000001f92aba0000), size 12189696, SharedBaseAddress: 0x000001f92a000000, ArchiveRelocationMode: 1.
Compressed class space mapped at: 0x000001f92b000000-0x000001f96b000000, reserved size: 1073741824
Narrow klass base: 0x000001f92a000000, Narrow klass shift: 0, Narrow klass range: 0x100000000

GC Precious Log:
 CardTable entry size: 512
 CPUs: 8 total, 8 available
 Memory: 3899M
 Large Page Support: Disabled
 NUMA Support: Disabled
 Compressed Oops: Enabled (32-bit)
 Alignments: Space 512K, Generation 512K, Heap 2M
 Heap Min Capacity: 100M
 Heap Initial Capacity: 100M
 Heap Max Capacity: 2G
 Pre-touch: Disabled
 Parallel Workers: 8

Heap:
 PSYoungGen      total 10752K, used 10045K [0x00000000d5580000, 0x00000000d6300000, 0x0000000100000000)
  eden space 8704K, 92% used [0x00000000d5580000,0x00000000d5d54400,0x00000000d5e00000)
  from space 2048K, 99% used [0x00000000d5e00000,0x00000000d5ffb010,0x00000000d6000000)
  to   space 2560K, 0% used [0x00000000d6080000,0x00000000d6080000,0x00000000d6300000)
 ParOldGen       total 897024K, used 270102K [0x0000000080000000, 0x00000000b6c00000, 0x00000000d5580000)
  object space 897024K, 30% used [0x0000000080000000,0x00000000907c5a48,0x00000000b6c00000)
 Metaspace       used 91889K, committed 93568K, reserved 1179648K
  class space    used 9563K, committed 10304K, reserved 1048576K

Card table byte_map: [0x000001f9124b0000,0x000001f9128c0000] _byte_map_base: 0x000001f9120b0000

Marking Bits: (ParMarkBitMap*) 0x00007ffb65c02460
 Begin Bits: [0x000001f924fc0000, 0x000001f926fc0000)
 End Bits:   [0x000001f926fc0000, 0x000001f928fc0000)

Polling page: 0x000001f9109b0000

Metaspace:

Usage:
  Non-class:     80.40 MB used.
      Class:      9.34 MB used.
       Both:     89.74 MB used.

Virtual space:
  Non-class space:      128.00 MB reserved,      81.31 MB ( 64%) committed,  2 nodes.
      Class space:        1.00 GB reserved,      10.06 MB ( <1%) committed,  1 nodes.
             Both:        1.12 GB reserved,      91.38 MB (  8%) committed. 

Chunk freelists:
   Non-Class:  14.19 MB
       Class:  5.99 MB
        Both:  20.18 MB

MaxMetaspaceSize: unlimited
CompressedClassSpaceSize: 1.00 GB
Initial GC threshold: 21.00 MB
Current GC threshold: 137.19 MB
CDS: on
 - commit_granule_bytes: 65536.
 - commit_granule_words: 8192.
 - virtual_space_node_default_size: 8388608.
 - enlarge_chunks_in_place: 1.
 - use_allocation_guard: 0.


Internal statistics:

num_allocs_failed_limit: 9.
num_arena_births: 1884.
num_arena_deaths: 430.
num_vsnodes_births: 3.
num_vsnodes_deaths: 0.
num_space_committed: 1462.
num_space_uncommitted: 0.
num_chunks_returned_to_freelist: 528.
num_chunks_taken_from_freelist: 6413.
num_chunk_merges: 163.
num_chunk_splits: 3774.
num_chunks_enlarged: 2177.
num_inconsistent_stats: 0.

CodeHeap 'non-profiled nmethods': size=120000Kb used=18389Kb max_used=18389Kb free=101610Kb
 bounds [0x000001f91d7e0000, 0x000001f91e9e0000, 0x000001f924d10000]
CodeHeap 'profiled nmethods': size=120000Kb used=50323Kb max_used=50323Kb free=69676Kb
 bounds [0x000001f915d10000, 0x000001f918e40000, 0x000001f91d240000]
CodeHeap 'non-nmethods': size=5760Kb used=1541Kb max_used=1614Kb free=4218Kb
 bounds [0x000001f91d240000, 0x000001f91d4b0000, 0x000001f91d7e0000]
CodeCache: size=245760Kb, used=70253Kb, max_used=70326Kb, free=175504Kb
 total_blobs=21124, nmethods=20263, adapters=763, full_count=0
Compilation: enabled, stopped_count=0, restarted_count=0

Compilation events (20 events):
Event: 12676.991 Thread 0x000001f929597d00 22301       4       java.lang.invoke.VarHandleReferences$FieldInstanceReadWrite::compareAndSet (48 bytes)
Event: 12677.090 Thread 0x000001f929597d00 nmethod 22301 0x000001f91e9d4f90 code [0x000001f91e9d5140, 0x000001f91e9d5440]
Event: 12757.065 Thread 0x000001f970064fd0 22302   !   3       java.util.concurrent.ScheduledThreadPoolExecutor$DelayedWorkQueue::take (203 bytes)
Event: 12757.233 Thread 0x000001f970064fd0 nmethod 22302 0x000001f918e29090 code [0x000001f918e29440, 0x000001f918e2acc0]
Event: 12762.896 Thread 0x000001f970064fd0 22303   !   3       java.util.concurrent.ScheduledThreadPoolExecutor$DelayedWorkQueue::offer (123 bytes)
Event: 12762.910 Thread 0x000001f970064fd0 nmethod 22303 0x000001f918e2b810 code [0x000001f918e2bb20, 0x000001f918e2ceb0]
Event: 12762.911 Thread 0x000001f970064fd0 22304       3       java.util.concurrent.ThreadPoolExecutor::ensurePrestart (41 bytes)
Event: 12762.950 Thread 0x000001f970064fd0 nmethod 22304 0x000001f918e2d710 code [0x000001f918e2d8e0, 0x000001f918e2db90]
Event: 12767.065 Thread 0x000001f970064fd0 22305       3       java.util.concurrent.ScheduledThreadPoolExecutor$ScheduledFutureTask::setNextRunTime (38 bytes)
Event: 12767.072 Thread 0x000001f970064fd0 nmethod 22305 0x000001f918e2dc90 code [0x000001f918e2de40, 0x000001f918e2e0d0]
Event: 12767.072 Thread 0x000001f970064fd0 22306       3       java.util.concurrent.ScheduledThreadPoolExecutor::reExecutePeriodic (49 bytes)
Event: 12767.089 Thread 0x000001f970064fd0 nmethod 22306 0x000001f918e2e190 code [0x000001f918e2e3c0, 0x000001f918e2eb40]
Event: 12777.079 Thread 0x000001f970064fd0 22307   !   3       java.util.concurrent.FutureTask::runAndReset (125 bytes)
Event: 12777.160 Thread 0x000001f970064fd0 nmethod 22307 0x000001f918e2ed90 code [0x000001f918e2f200, 0x000001f918e31620]
Event: 12834.423 Thread 0x000001f970064fd0 22308   !   3       sun.nio.ch.SelectorImpl::lockAndDoSelect (87 bytes)
Event: 12834.498 Thread 0x000001f970064fd0 nmethod 22308 0x000001f918e32190 code [0x000001f918e323c0, 0x000001f918e32a98]
Event: 12837.423 Thread 0x000001f970064fd0 22309       3       sun.nio.ch.WEPollSelectorImpl::processEvents (152 bytes)
Event: 12837.458 Thread 0x000001f970064fd0 nmethod 22309 0x000001f918e32f10 code [0x000001f918e331a0, 0x000001f918e33d00]
Event: 12837.458 Thread 0x000001f970064fd0 22310       3       java.nio.channels.spi.AbstractSelector::begin (48 bytes)
Event: 12837.503 Thread 0x000001f970064fd0 nmethod 22310 0x000001f918e34210 code [0x000001f918e34400, 0x000001f918e349d8]

GC Heap History (20 events):
Event: 12548.287 GC heap before
{Heap before GC invocations=1370 (full 4):
 PSYoungGen      total 5632K, used 3066K [0x00000000d5580000, 0x00000000d5c80000, 0x0000000100000000)
  eden space 2560K, 100% used [0x00000000d5580000,0x00000000d5800000,0x00000000d5800000)
  from space 3072K, 16% used [0x00000000d5800000,0x00000000d587e900,0x00000000d5b00000)
  to   space 1536K, 0% used [0x00000000d5b00000,0x00000000d5b00000,0x00000000d5c80000)
 ParOldGen       total 897024K, used 264661K [0x0000000080000000, 0x00000000b6c00000, 0x00000000d5580000)
  object space 897024K, 29% used [0x0000000080000000,0x0000000090275738,0x00000000b6c00000)
 Metaspace       used 91787K, committed 93440K, reserved 1179648K
  class space    used 9556K, committed 10240K, reserved 1048576K
}
Event: 12548.291 GC heap after
{Heap after GC invocations=1370 (full 4):
 PSYoungGen      total 3584K, used 484K [0x00000000d5580000, 0x00000000d5b80000, 0x0000000100000000)
  eden space 3072K, 0% used [0x00000000d5580000,0x00000000d5580000,0x00000000d5880000)
  from space 512K, 94% used [0x00000000d5b00000,0x00000000d5b79210,0x00000000d5b80000)
  to   space 1024K, 0% used [0x00000000d5980000,0x00000000d5980000,0x00000000d5a80000)
 ParOldGen       total 897024K, used 264778K [0x0000000080000000, 0x00000000b6c00000, 0x00000000d5580000)
  object space 897024K, 29% used [0x0000000080000000,0x0000000090292938,0x00000000b6c00000)
 Metaspace       used 91787K, committed 93440K, reserved 1179648K
  class space    used 9556K, committed 10240K, reserved 1048576K
}
Event: 12551.401 GC heap before
{Heap before GC invocations=1371 (full 4):
 PSYoungGen      total 3584K, used 3556K [0x00000000d5580000, 0x00000000d5b80000, 0x0000000100000000)
  eden space 3072K, 100% used [0x00000000d5580000,0x00000000d5880000,0x00000000d5880000)
  from space 512K, 94% used [0x00000000d5b00000,0x00000000d5b79210,0x00000000d5b80000)
  to   space 1024K, 0% used [0x00000000d5980000,0x00000000d5980000,0x00000000d5a80000)
 ParOldGen       total 897024K, used 264778K [0x0000000080000000, 0x00000000b6c00000, 0x00000000d5580000)
  object space 897024K, 29% used [0x0000000080000000,0x0000000090292938,0x00000000b6c00000)
 Metaspace       used 91793K, committed 93440K, reserved 1179648K
  class space    used 9556K, committed 10240K, reserved 1048576K
}
Event: 12551.418 GC heap after
{Heap after GC invocations=1371 (full 4):
 PSYoungGen      total 5120K, used 224K [0x00000000d5580000, 0x00000000d5b80000, 0x0000000100000000)
  eden space 4096K, 0% used [0x00000000d5580000,0x00000000d5580000,0x00000000d5980000)
  from space 1024K, 21% used [0x00000000d5980000,0x00000000d59b8000,0x00000000d5a80000)
  to   space 512K, 0% used [0x00000000d5b00000,0x00000000d5b00000,0x00000000d5b80000)
 ParOldGen       total 897024K, used 264834K [0x0000000080000000, 0x00000000b6c00000, 0x00000000d5580000)
  object space 897024K, 29% used [0x0000000080000000,0x00000000902a0938,0x00000000b6c00000)
 Metaspace       used 91793K, committed 93440K, reserved 1179648K
  class space    used 9556K, committed 10240K, reserved 1048576K
}
Event: 12551.835 GC heap before
{Heap before GC invocations=1372 (full 4):
 PSYoungGen      total 5120K, used 4319K [0x00000000d5580000, 0x00000000d5b80000, 0x0000000100000000)
  eden space 4096K, 99% used [0x00000000d5580000,0x00000000d597fff8,0x00000000d5980000)
  from space 1024K, 21% used [0x00000000d5980000,0x00000000d59b8000,0x00000000d5a80000)
  to   space 512K, 0% used [0x00000000d5b00000,0x00000000d5b00000,0x00000000d5b80000)
 ParOldGen       total 897024K, used 264834K [0x0000000080000000, 0x00000000b6c00000, 0x00000000d5580000)
  object space 897024K, 29% used [0x0000000080000000,0x00000000902a0938,0x00000000b6c00000)
 Metaspace       used 91807K, committed 93440K, reserved 1179648K
  class space    used 9556K, committed 10240K, reserved 1048576K
}
Event: 12551.855 GC heap after
{Heap after GC invocations=1372 (full 4):
 PSYoungGen      total 4608K, used 500K [0x00000000d5580000, 0x00000000d5b80000, 0x0000000100000000)
  eden space 4096K, 0% used [0x00000000d5580000,0x00000000d5580000,0x00000000d5980000)
  from space 512K, 97% used [0x00000000d5b00000,0x00000000d5b7d200,0x00000000d5b80000)
  to   space 1024K, 0% used [0x00000000d5980000,0x00000000d5980000,0x00000000d5a80000)
 ParOldGen       total 897024K, used 264890K [0x0000000080000000, 0x00000000b6c00000, 0x00000000d5580000)
  object space 897024K, 29% used [0x0000000080000000,0x00000000902ae938,0x00000000b6c00000)
 Metaspace       used 91807K, committed 93440K, reserved 1179648K
  class space    used 9556K, committed 10240K, reserved 1048576K
}
Event: 12552.307 GC heap before
{Heap before GC invocations=1373 (full 4):
 PSYoungGen      total 4608K, used 4596K [0x00000000d5580000, 0x00000000d5b80000, 0x0000000100000000)
  eden space 4096K, 100% used [0x00000000d5580000,0x00000000d5980000,0x00000000d5980000)
  from space 512K, 97% used [0x00000000d5b00000,0x00000000d5b7d200,0x00000000d5b80000)
  to   space 1024K, 0% used [0x00000000d5980000,0x00000000d5980000,0x00000000d5a80000)
 ParOldGen       total 897024K, used 264890K [0x0000000080000000, 0x00000000b6c00000, 0x00000000d5580000)
  object space 897024K, 29% used [0x0000000080000000,0x00000000902ae938,0x00000000b6c00000)
 Metaspace       used 91823K, committed 93568K, reserved 1179648K
  class space    used 9561K, committed 10304K, reserved 1048576K
}
Event: 12552.329 GC heap after
{Heap after GC invocations=1373 (full 4):
 PSYoungGen      total 5120K, used 992K [0x00000000d5580000, 0x00000000d5c80000, 0x0000000100000000)
  eden space 4096K, 0% used [0x00000000d5580000,0x00000000d5580000,0x00000000d5980000)
  from space 1024K, 96% used [0x00000000d5980000,0x00000000d5a78000,0x00000000d5a80000)
  to   space 1536K, 0% used [0x00000000d5b00000,0x00000000d5b00000,0x00000000d5c80000)
 ParOldGen       total 897024K, used 265279K [0x0000000080000000, 0x00000000b6c00000, 0x00000000d5580000)
  object space 897024K, 29% used [0x0000000080000000,0x000000009030ff08,0x00000000b6c00000)
 Metaspace       used 91823K, committed 93568K, reserved 1179648K
  class space    used 9561K, committed 10304K, reserved 1048576K
}
Event: 12552.376 GC heap before
{Heap before GC invocations=1374 (full 4):
 PSYoungGen      total 5120K, used 5088K [0x00000000d5580000, 0x00000000d5c80000, 0x0000000100000000)
  eden space 4096K, 100% used [0x00000000d5580000,0x00000000d5980000,0x00000000d5980000)
  from space 1024K, 96% used [0x00000000d5980000,0x00000000d5a78000,0x00000000d5a80000)
  to   space 1536K, 0% used [0x00000000d5b00000,0x00000000d5b00000,0x00000000d5c80000)
 ParOldGen       total 897024K, used 265279K [0x0000000080000000, 0x00000000b6c00000, 0x00000000d5580000)
  object space 897024K, 29% used [0x0000000080000000,0x000000009030ff08,0x00000000b6c00000)
 Metaspace       used 91823K, committed 93568K, reserved 1179648K
  class space    used 9561K, committed 10304K, reserved 1048576K
}
Event: 12552.412 GC heap after
{Heap after GC invocations=1374 (full 4):
 PSYoungGen      total 6144K, used 830K [0x00000000d5580000, 0x00000000d5c80000, 0x0000000100000000)
  eden space 4608K, 0% used [0x00000000d5580000,0x00000000d5580000,0x00000000d5a00000)
  from space 1536K, 54% used [0x00000000d5b00000,0x00000000d5bcfb10,0x00000000d5c80000)
  to   space 1024K, 0% used [0x00000000d5a00000,0x00000000d5a00000,0x00000000d5b00000)
 ParOldGen       total 897024K, used 266133K [0x0000000080000000, 0x00000000b6c00000, 0x00000000d5580000)
  object space 897024K, 29% used [0x0000000080000000,0x00000000903e54d0,0x00000000b6c00000)
 Metaspace       used 91823K, committed 93568K, reserved 1179648K
  class space    used 9561K, committed 10304K, reserved 1048576K
}
Event: 12552.465 GC heap before
{Heap before GC invocations=1375 (full 4):
 PSYoungGen      total 6144K, used 5438K [0x00000000d5580000, 0x00000000d5c80000, 0x0000000100000000)
  eden space 4608K, 99% used [0x00000000d5580000,0x00000000d59ffff8,0x00000000d5a00000)
  from space 1536K, 54% used [0x00000000d5b00000,0x00000000d5bcfb10,0x00000000d5c80000)
  to   space 1024K, 0% used [0x00000000d5a00000,0x00000000d5a00000,0x00000000d5b00000)
 ParOldGen       total 897024K, used 266133K [0x0000000080000000, 0x00000000b6c00000, 0x00000000d5580000)
  object space 897024K, 29% used [0x0000000080000000,0x00000000903e54d0,0x00000000b6c00000)
 Metaspace       used 91824K, committed 93568K, reserved 1179648K
  class space    used 9561K, committed 10304K, reserved 1048576K
}
Event: 12552.485 GC heap after
{Heap after GC invocations=1375 (full 4):
 PSYoungGen      total 5632K, used 1024K [0x00000000d5580000, 0x00000000d5f00000, 0x0000000100000000)
  eden space 4608K, 0% used [0x00000000d5580000,0x00000000d5580000,0x00000000d5a00000)
  from space 1024K, 100% used [0x00000000d5a00000,0x00000000d5b00000,0x00000000d5b00000)
  to   space 2048K, 0% used [0x00000000d5d00000,0x00000000d5d00000,0x00000000d5f00000)
 ParOldGen       total 897024K, used 266790K [0x0000000080000000, 0x00000000b6c00000, 0x00000000d5580000)
  object space 897024K, 29% used [0x0000000080000000,0x00000000904898e0,0x00000000b6c00000)
 Metaspace       used 91824K, committed 93568K, reserved 1179648K
  class space    used 9561K, committed 10304K, reserved 1048576K
}
Event: 12552.543 GC heap before
{Heap before GC invocations=1376 (full 4):
 PSYoungGen      total 5632K, used 5632K [0x00000000d5580000, 0x00000000d5f00000, 0x0000000100000000)
  eden space 4608K, 100% used [0x00000000d5580000,0x00000000d5a00000,0x00000000d5a00000)
  from space 1024K, 100% used [0x00000000d5a00000,0x00000000d5b00000,0x00000000d5b00000)
  to   space 2048K, 0% used [0x00000000d5d00000,0x00000000d5d00000,0x00000000d5f00000)
 ParOldGen       total 897024K, used 266790K [0x0000000080000000, 0x00000000b6c00000, 0x00000000d5580000)
  object space 897024K, 29% used [0x0000000080000000,0x00000000904898e0,0x00000000b6c00000)
 Metaspace       used 91824K, committed 93568K, reserved 1179648K
  class space    used 9561K, committed 10304K, reserved 1048576K
}
Event: 12552.579 GC heap after
{Heap after GC invocations=1376 (full 4):
 PSYoungGen      total 6656K, used 916K [0x00000000d5580000, 0x00000000d5e00000, 0x0000000100000000)
  eden space 5632K, 0% used [0x00000000d5580000,0x00000000d5580000,0x00000000d5b00000)
  from space 1024K, 89% used [0x00000000d5d00000,0x00000000d5de5200,0x00000000d5e00000)
  to   space 1536K, 0% used [0x00000000d5b00000,0x00000000d5b00000,0x00000000d5c80000)
 ParOldGen       total 897024K, used 267808K [0x0000000080000000, 0x00000000b6c00000, 0x00000000d5580000)
  object space 897024K, 29% used [0x0000000080000000,0x0000000090588240,0x00000000b6c00000)
 Metaspace       used 91824K, committed 93568K, reserved 1179648K
  class space    used 9561K, committed 10304K, reserved 1048576K
}
Event: 12552.678 GC heap before
{Heap before GC invocations=1377 (full 4):
 PSYoungGen      total 6656K, used 6548K [0x00000000d5580000, 0x00000000d5e00000, 0x0000000100000000)
  eden space 5632K, 100% used [0x00000000d5580000,0x00000000d5b00000,0x00000000d5b00000)
  from space 1024K, 89% used [0x00000000d5d00000,0x00000000d5de5200,0x00000000d5e00000)
  to   space 1536K, 0% used [0x00000000d5b00000,0x00000000d5b00000,0x00000000d5c80000)
 ParOldGen       total 897024K, used 267808K [0x0000000080000000, 0x00000000b6c00000, 0x00000000d5580000)
  object space 897024K, 29% used [0x0000000080000000,0x0000000090588240,0x00000000b6c00000)
 Metaspace       used 91840K, committed 93568K, reserved 1179648K
  class space    used 9561K, committed 10304K, reserved 1048576K
}
Event: 12552.774 GC heap after
{Heap after GC invocations=1377 (full 4):
 PSYoungGen      total 7168K, used 1510K [0x00000000d5580000, 0x00000000d6480000, 0x0000000100000000)
  eden space 5632K, 0% used [0x00000000d5580000,0x00000000d5580000,0x00000000d5b00000)
  from space 1536K, 98% used [0x00000000d5b00000,0x00000000d5c79808,0x00000000d5c80000)
  to   space 4096K, 0% used [0x00000000d6080000,0x00000000d6080000,0x00000000d6480000)
 ParOldGen       total 897024K, used 269902K [0x0000000080000000, 0x00000000b6c00000, 0x00000000d5580000)
  object space 897024K, 30% used [0x0000000080000000,0x0000000090793a48,0x00000000b6c00000)
 Metaspace       used 91840K, committed 93568K, reserved 1179648K
  class space    used 9561K, committed 10304K, reserved 1048576K
}
Event: 12552.912 GC heap before
{Heap before GC invocations=1378 (full 4):
 PSYoungGen      total 7168K, used 7142K [0x00000000d5580000, 0x00000000d6480000, 0x0000000100000000)
  eden space 5632K, 99% used [0x00000000d5580000,0x00000000d5affff8,0x00000000d5b00000)
  from space 1536K, 98% used [0x00000000d5b00000,0x00000000d5c79808,0x00000000d5c80000)
  to   space 4096K, 0% used [0x00000000d6080000,0x00000000d6080000,0x00000000d6480000)
 ParOldGen       total 897024K, used 269902K [0x0000000080000000, 0x00000000b6c00000, 0x00000000d5580000)
  object space 897024K, 30% used [0x0000000080000000,0x0000000090793a48,0x00000000b6c00000)
 Metaspace       used 91847K, committed 93568K, reserved 1179648K
  class space    used 9561K, committed 10304K, reserved 1048576K
}
Event: 12552.920 GC heap after
{Heap after GC invocations=1378 (full 4):
 PSYoungGen      total 8704K, used 1044K [0x00000000d5580000, 0x00000000d6200000, 0x0000000100000000)
  eden space 7168K, 0% used [0x00000000d5580000,0x00000000d5580000,0x00000000d5c80000)
  from space 1536K, 68% used [0x00000000d6080000,0x00000000d6185200,0x00000000d6200000)
  to   space 2048K, 0% used [0x00000000d5e00000,0x00000000d5e00000,0x00000000d6000000)
 ParOldGen       total 897024K, used 269950K [0x0000000080000000, 0x00000000b6c00000, 0x00000000d5580000)
  object space 897024K, 30% used [0x0000000080000000,0x000000009079fa48,0x00000000b6c00000)
 Metaspace       used 91847K, committed 93568K, reserved 1179648K
  class space    used 9561K, committed 10304K, reserved 1048576K
}
Event: 12552.990 GC heap before
{Heap before GC invocations=1379 (full 4):
 PSYoungGen      total 8704K, used 8212K [0x00000000d5580000, 0x00000000d6200000, 0x0000000100000000)
  eden space 7168K, 100% used [0x00000000d5580000,0x00000000d5c80000,0x00000000d5c80000)
  from space 1536K, 68% used [0x00000000d6080000,0x00000000d6185200,0x00000000d6200000)
  to   space 2048K, 0% used [0x00000000d5e00000,0x00000000d5e00000,0x00000000d6000000)
 ParOldGen       total 897024K, used 269950K [0x0000000080000000, 0x00000000b6c00000, 0x00000000d5580000)
  object space 897024K, 30% used [0x0000000080000000,0x000000009079fa48,0x00000000b6c00000)
 Metaspace       used 91858K, committed 93568K, reserved 1179648K
  class space    used 9563K, committed 10304K, reserved 1048576K
}
Event: 12553.002 GC heap after
{Heap after GC invocations=1379 (full 4):
 PSYoungGen      total 10752K, used 2028K [0x00000000d5580000, 0x00000000d6300000, 0x0000000100000000)
  eden space 8704K, 0% used [0x00000000d5580000,0x00000000d5580000,0x00000000d5e00000)
  from space 2048K, 99% used [0x00000000d5e00000,0x00000000d5ffb010,0x00000000d6000000)
  to   space 2560K, 0% used [0x00000000d6080000,0x00000000d6080000,0x00000000d6300000)
 ParOldGen       total 897024K, used 270102K [0x0000000080000000, 0x00000000b6c00000, 0x00000000d5580000)
  object space 897024K, 30% used [0x0000000080000000,0x00000000907c5a48,0x00000000b6c00000)
 Metaspace       used 91858K, committed 93568K, reserved 1179648K
  class space    used 9563K, committed 10304K, reserved 1048576K
}

Dll operation events (14 events):
Event: 0.017 Loaded shared library c:\Users\User\.vscode\extensions\redhat.java-1.49.0-win32-x64\jre\21.0.9-win32-x86_64\bin\java.dll
Event: 0.199 Loaded shared library c:\Users\User\.vscode\extensions\redhat.java-1.49.0-win32-x64\jre\21.0.9-win32-x86_64\bin\zip.dll
Event: 0.237 Loaded shared library C:\Users\User\.vscode\extensions\redhat.java-1.49.0-win32-x64\jre\21.0.9-win32-x86_64\bin\instrument.dll
Event: 0.278 Loaded shared library C:\Users\User\.vscode\extensions\redhat.java-1.49.0-win32-x64\jre\21.0.9-win32-x86_64\bin\net.dll
Event: 0.437 Loaded shared library C:\Users\User\.vscode\extensions\redhat.java-1.49.0-win32-x64\jre\21.0.9-win32-x86_64\bin\nio.dll
Event: 0.444 Loaded shared library C:\Users\User\.vscode\extensions\redhat.java-1.49.0-win32-x64\jre\21.0.9-win32-x86_64\bin\zip.dll
Event: 0.491 Loaded shared library C:\Users\User\.vscode\extensions\redhat.java-1.49.0-win32-x64\jre\21.0.9-win32-x86_64\bin\jimage.dll
Event: 0.828 Loaded shared library c:\Users\User\.vscode\extensions\redhat.java-1.49.0-win32-x64\jre\21.0.9-win32-x86_64\bin\verify.dll
Event: 11.408 Loaded shared library C:\Users\User\AppData\Roaming\Code\User\globalStorage\redhat.java\1.49.0\config_win\org.eclipse.equinox.launcher\org.eclipse.equinox.launcher.win32.win32.x86_64_1.2.1400.v20250801-0854\eclipse_11916.dll
Event: 27.650 Loaded shared library C:\Users\User\.vscode\extensions\redhat.java-1.49.0-win32-x64\jre\21.0.9-win32-x86_64\bin\management.dll
Event: 27.661 Loaded shared library C:\Users\User\.vscode\extensions\redhat.java-1.49.0-win32-x64\jre\21.0.9-win32-x86_64\bin\management_ext.dll
Event: 34.487 Loaded shared library C:\Users\User\AppData\Local\Temp\jna-2645995\jna5370822929617798899.dll
Event: 42.261 Loaded shared library C:\Users\User\.vscode\extensions\redhat.java-1.49.0-win32-x64\jre\21.0.9-win32-x86_64\bin\sunmscapi.dll
Event: 42.531 Loaded shared library C:\Users\User\.vscode\extensions\redhat.java-1.49.0-win32-x64\jre\21.0.9-win32-x86_64\bin\extnet.dll

Deoptimization events (20 events):
Event: 12552.434 Thread 0x000001f978c80b70 DEOPT PACKING pc=0x000001f918d44aa9 sp=0x0000006c3b2fd3f0
Event: 12552.438 Thread 0x000001f978c80b70 DEOPT UNPACKING pc=0x000001f91d294242 sp=0x0000006c3b2fc948 mode 0
Event: 12552.581 Thread 0x000001f978c7fe50 DEOPT PACKING pc=0x000001f918d44aa9 sp=0x0000006c3affca60
Event: 12552.581 Thread 0x000001f978c7fe50 DEOPT UNPACKING pc=0x000001f91d294242 sp=0x0000006c3affbfb8 mode 0
Event: 12552.925 Thread 0x000001f971207450 DEOPT PACKING pc=0x000001f918d44aa9 sp=0x0000006c3b0fd0a0
Event: 12552.925 Thread 0x000001f971207450 DEOPT UNPACKING pc=0x000001f91d294242 sp=0x0000006c3b0fc5f8 mode 0
Event: 12552.971 Thread 0x000001f978c81200 DEOPT PACKING pc=0x000001f91854a956 sp=0x0000006c3c1fea80
Event: 12552.972 Thread 0x000001f978c7c340 DEOPT PACKING pc=0x000001f91854a956 sp=0x0000006c3adfedf0
Event: 12552.972 Thread 0x000001f978c7c340 DEOPT UNPACKING pc=0x000001f91d294242 sp=0x0000006c3adfe368 mode 0
Event: 12552.973 Thread 0x000001f973856af0 DEOPT PACKING pc=0x000001f91854a956 sp=0x0000006c3b4fe8f0
Event: 12552.973 Thread 0x000001f973856af0 DEOPT UNPACKING pc=0x000001f91d294242 sp=0x0000006c3b4fde68 mode 0
Event: 12552.973 Thread 0x000001f978c80b70 DEOPT PACKING pc=0x000001f91854a956 sp=0x0000006c3b2fe860
Event: 12552.973 Thread 0x000001f978c7fe50 DEOPT PACKING pc=0x000001f91854a956 sp=0x0000006c3affe7c0
Event: 12552.974 Thread 0x000001f978c7c340 DEOPT PACKING pc=0x000001f91854a956 sp=0x0000006c3adfedf0
Event: 12552.976 Thread 0x000001f978c7fe50 DEOPT UNPACKING pc=0x000001f91d294242 sp=0x0000006c3affdd38 mode 0
Event: 12552.978 Thread 0x000001f978c7c340 DEOPT UNPACKING pc=0x000001f91d294242 sp=0x0000006c3adfe368 mode 0
Event: 12552.978 Thread 0x000001f978c80b70 DEOPT UNPACKING pc=0x000001f91d294242 sp=0x0000006c3b2fddd8 mode 0
Event: 12552.979 Thread 0x000001f978c81200 DEOPT UNPACKING pc=0x000001f91d294242 sp=0x0000006c3c1fdff8 mode 0
Event: 12553.013 Thread 0x000001f978c7f130 DEOPT PACKING pc=0x000001f91854a956 sp=0x0000006c38ffed40
Event: 12553.015 Thread 0x000001f978c7f130 DEOPT UNPACKING pc=0x000001f91d294242 sp=0x0000006c38ffe2b8 mode 0

Classes loaded (20 events):
Event: 12276.569 Loading class sun/security/ssl/SSLEngineImpl
Event: 12276.580 Loading class sun/security/ssl/SSLEngineImpl done
Event: 12276.582 Loading class sun/security/ssl/SSLEngineInputRecord
Event: 12276.587 Loading class sun/security/ssl/SSLEngineInputRecord done
Event: 12276.589 Loading class sun/security/ssl/SSLConfiguration$CustomizedServerSignatureSchemes
Event: 12276.590 Loading class sun/security/ssl/SSLConfiguration$CustomizedServerSignatureSchemes done
Event: 12276.603 Loading class java/util/concurrent/ConcurrentLinkedDeque
Event: 12276.606 Loading class java/util/concurrent/ConcurrentLinkedDeque done
Event: 12276.607 Loading class java/util/concurrent/ConcurrentLinkedDeque$Node
Event: 12276.607 Loading class java/util/concurrent/ConcurrentLinkedDeque$Node done
Event: 12276.625 Loading class sun/nio/ch/SocketChannelImpl$DefaultOptionsHolder
Event: 12276.626 Loading class sun/nio/ch/SocketChannelImpl$DefaultOptionsHolder done
Event: 12276.686 Loading class java/nio/channels/UnresolvedAddressException
Event: 12276.687 Loading class java/nio/channels/UnresolvedAddressException done
Event: 12276.717 Loading class java/lang/Throwable$WrappedPrintWriter
Event: 12276.718 Loading class java/lang/Throwable$PrintStreamOrWriter
Event: 12276.718 Loading class java/lang/Throwable$PrintStreamOrWriter done
Event: 12276.718 Loading class java/lang/Throwable$WrappedPrintWriter done
Event: 12277.329 Loading class java/util/HashMap$EntrySpliterator
Event: 12277.330 Loading class java/util/HashMap$EntrySpliterator done

Classes unloaded (20 events):
Event: 12171.973 Thread 0x000001f929582600 Unloading class 0x000001f92b08ac00 'java/lang/invoke/LambdaForm$MH+0x000001f92b08ac00'
Event: 12171.973 Thread 0x000001f929582600 Unloading class 0x000001f92b01ec00 'java/lang/invoke/LambdaForm$MH+0x000001f92b01ec00'
Event: 12171.973 Thread 0x000001f929582600 Unloading class 0x000001f92b00d800 'java/lang/invoke/LambdaForm$MH+0x000001f92b00d800'
Event: 12171.974 Thread 0x000001f929582600 Unloading class 0x000001f92b00d400 'java/lang/invoke/LambdaForm$MH+0x000001f92b00d400'
Event: 12171.974 Thread 0x000001f929582600 Unloading class 0x000001f92b00d000 'java/lang/invoke/LambdaForm$MH+0x000001f92b00d000'
Event: 12171.974 Thread 0x000001f929582600 Unloading class 0x000001f92b00cc00 'java/lang/invoke/LambdaForm$MH+0x000001f92b00cc00'
Event: 12171.974 Thread 0x000001f929582600 Unloading class 0x000001f92b00c800 'java/lang/invoke/LambdaForm$BMH+0x000001f92b00c800'
Event: 12171.974 Thread 0x000001f929582600 Unloading class 0x000001f92b00c000 'java/lang/invoke/LambdaForm$DMH+0x000001f92b00c000'
Event: 12171.975 Thread 0x000001f929582600 Unloading class 0x000001f92b008c00 'java/lang/invoke/LambdaForm$MH+0x000001f92b008c00'
Event: 12171.975 Thread 0x000001f929582600 Unloading class 0x000001f92b008800 'java/lang/invoke/LambdaForm$MH+0x000001f92b008800'
Event: 12171.975 Thread 0x000001f929582600 Unloading class 0x000001f92b008400 'java/lang/invoke/LambdaForm$MH+0x000001f92b008400'
Event: 12171.976 Thread 0x000001f929582600 Unloading class 0x000001f92b007000 'java/lang/invoke/LambdaForm$MH+0x000001f92b007000'
Event: 12171.976 Thread 0x000001f929582600 Unloading class 0x000001f92b006800 'java/lang/invoke/LambdaForm$MH+0x000001f92b006800'
Event: 12171.976 Thread 0x000001f929582600 Unloading class 0x000001f92b006400 'java/lang/invoke/LambdaForm$MH+0x000001f92b006400'
Event: 12171.976 Thread 0x000001f929582600 Unloading class 0x000001f92b006000 'java/lang/invoke/LambdaForm$MH+0x000001f92b006000'
Event: 12171.976 Thread 0x000001f929582600 Unloading class 0x000001f92b005c00 'java/lang/invoke/LambdaForm$BMH+0x000001f92b005c00'
Event: 12171.976 Thread 0x000001f929582600 Unloading class 0x000001f92b004800 'java/lang/invoke/LambdaForm$DMH+0x000001f92b004800'
Event: 12171.976 Thread 0x000001f929582600 Unloading class 0x000001f92b002400 'java/lang/invoke/LambdaForm$MH+0x000001f92b002400'
Event: 12171.976 Thread 0x000001f929582600 Unloading class 0x000001f92b002000 'java/lang/invoke/LambdaForm$MH+0x000001f92b002000'
Event: 12171.976 Thread 0x000001f929582600 Unloading class 0x000001f92b001800 'java/lang/invoke/LambdaForm$MH+0x000001f92b001800'

Classes redefined (0 events):
No events

Internal exceptions (20 events):
Event: 12176.448 Thread 0x000001f929585730 Exception <a 'java/io/IOException'{0x00000000d5592338}: Connection reset by peer> (0x00000000d5592338) 
thrown [s\src\hotspot\share\prims\jni.cpp, line 539]
Event: 12176.449 Thread 0x000001f929585730 Exception <a 'java/io/IOException'{0x00000000d5593588}: Connection reset by peer> (0x00000000d5593588) 
thrown [s\src\hotspot\share\prims\jni.cpp, line 539]
Event: 12176.449 Thread 0x000001f929585730 Exception <a 'java/io/IOException'{0x00000000d5594670}: Connection reset by peer> (0x00000000d5594670) 
thrown [s\src\hotspot\share\prims\jni.cpp, line 539]
Event: 12222.929 Thread 0x000001f978c80b70 Implicit null exception at 0x000001f91e4f1c74 to 0x000001f91e4f2b2c
Event: 12227.681 Thread 0x000001f9729f6b10 Exception <a 'java/lang/IncompatibleClassChangeError'{0x00000000d566aff0}: Found class java.lang.Object, but interface was expected> (0x00000000d566aff0) 
thrown [s\src\hotspot\share\interpreter\linkResolver.cpp, line 840]
Event: 12227.719 Thread 0x000001f978c804e0 Exception <a 'java/lang/NoSuchMethodError'{0x00000000d56ac3c8}: 'java.lang.Object java.lang.invoke.DirectMethodHandle$Holder.invokeStatic(java.lang.Object, int, int, java.lang.Object)'> (0x00000000d56ac3c8) 
thrown [s\src\hotspot\share\interpreter\linkResolver.cpp, line 773]
Event: 12227.819 Thread 0x000001f978c804e0 Exception <a 'java/lang/NoSuchMethodError'{0x00000000d57d8058}: 'java.lang.Object java.lang.invoke.DirectMethodHandle$Holder.invokeStatic(java.lang.Object, int, java.lang.Object)'> (0x00000000d57d8058) 
thrown [s\src\hotspot\share\interpreter\linkResolver.cpp, line 773]
Event: 12228.362 Thread 0x000001f978c7f130 Implicit null exception at 0x000001f91e4f6eb9 to 0x000001f91e4f70dc
Event: 12228.363 Thread 0x000001f978c7f130 Implicit null exception at 0x000001f91daf9992 to 0x000001f91daf9a2c
Event: 12237.448 Thread 0x000001f978c7f130 Exception <a 'java/lang/ArrayIndexOutOfBoundsException'{0x00000000d5740088}> (0x00000000d5740088) 
thrown [s\src\hotspot\share\runtime\sharedRuntime.cpp, line 625]
Event: 12238.361 Thread 0x000001f978c7fe50 Exception <a 'java/lang/ArrayIndexOutOfBoundsException'{0x00000000d5614fe0}> (0x00000000d5614fe0) 
thrown [s\src\hotspot\share\runtime\sharedRuntime.cpp, line 625]
Event: 12257.756 Thread 0x000001f9729f6b10 Exception <a 'java/lang/IncompatibleClassChangeError'{0x00000000d57f8620}: Found class java.lang.Object, but interface was expected> (0x00000000d57f8620) 
thrown [s\src\hotspot\share\interpreter\linkResolver.cpp, line 840]
Event: 12259.214 Thread 0x000001f978c7f130 Implicit null exception at 0x000001f91da79d89 to 0x000001f91da79e9c
Event: 12261.365 Thread 0x000001f978c80b70 Exception <a 'java/lang/NoSuchMethodError'{0x00000000d5a83a08}: 'java.lang.Object java.lang.invoke.DirectMethodHandle$Holder.invokeStaticInit(java.lang.Object, java.lang.Object, int)'> (0x00000000d5a83a08) 
thrown [s\src\hotspot\share\interpreter\linkResolver.cpp, line 773]
Event: 12262.096 Thread 0x000001f978c80b70 Implicit null exception at 0x000001f91e3a8859 to 0x000001f91e3a8adc
Event: 12264.092 Thread 0x000001f978c7f130 Exception <a 'java/lang/NoSuchMethodError'{0x00000000d578de48}: 'void java.lang.invoke.DirectMethodHandle$Holder.invokeStatic(java.lang.Object, java.lang.Object, java.lang.Object, java.lang.Object, java.lang.Object, java.lang.Object, java.lang.Object)'> (0x00000000d578de48) 
thrown [s\src\hotspot\share\interpreter\linkResolver.cpp, line 773]
Event: 12264.092 Thread 0x000001f978c80b70 Exception <a 'java/lang/NoSuchMethodError'{0x00000000d579a0f0}: 'void java.lang.invoke.DirectMethodHandle$Holder.invokeStatic(java.lang.Object, java.lang.Object, java.lang.Object, java.lang.Object, java.lang.Object, java.lang.Object, java.lang.Object)'> (0x00000000d579a0f0) 
thrown [s\src\hotspot\share\interpreter\linkResolver.cpp, line 773]
Event: 12276.528 Thread 0x000001f978c7f130 Exception <a 'java/net/UnknownHostException'{0x00000000d591e7f0}> (0x00000000d591e7f0) 
thrown [s\src\hotspot\share\prims\jni.cpp, line 520]
Event: 12538.114 Thread 0x000001f978c80b70 Implicit null exception at 0x000001f91e618740 to 0x000001f91e61ef64
Event: 12547.058 Thread 0x000001f978c80b70 Exception <a 'sun/nio/fs/WindowsException'{0x00000000d55bdc00}> (0x00000000d55bdc00) 
thrown [s\src\hotspot\share\prims\jni.cpp, line 520]

ZGC Phase Switch (0 events):
No events

VM Operations (20 events):
Event: 12563.390 Executing VM operation: RendezvousGCThreads
Event: 12563.390 Executing VM operation: RendezvousGCThreads done
Event: 12623.462 Executing VM operation: HandshakeAllThreads (HandshakeForDeflation)
Event: 12623.465 Executing VM operation: HandshakeAllThreads (HandshakeForDeflation) done
Event: 12623.465 Executing VM operation: RendezvousGCThreads
Event: 12623.466 Executing VM operation: RendezvousGCThreads done
Event: 12683.560 Executing VM operation: HandshakeAllThreads (HandshakeForDeflation)
Event: 12683.564 Executing VM operation: HandshakeAllThreads (HandshakeForDeflation) done
Event: 12683.565 Executing VM operation: RendezvousGCThreads
Event: 12683.565 Executing VM operation: RendezvousGCThreads done
Event: 12743.811 Executing VM operation: HandshakeAllThreads (HandshakeForDeflation)
Event: 12743.831 Executing VM operation: HandshakeAllThreads (HandshakeForDeflation) done
Event: 12743.831 Executing VM operation: RendezvousGCThreads
Event: 12743.833 Executing VM operation: RendezvousGCThreads done
Event: 12752.920 Executing VM operation: Cleanup
Event: 12752.921 Executing VM operation: Cleanup done
Event: 12803.891 Executing VM operation: HandshakeAllThreads (HandshakeForDeflation)
Event: 12803.892 Executing VM operation: HandshakeAllThreads (HandshakeForDeflation) done
Event: 12803.892 Executing VM operation: RendezvousGCThreads
Event: 12803.892 Executing VM operation: RendezvousGCThreads done

Memory protections (0 events):
No events

Nmethod flushes (20 events):
Event: 12174.870 Thread 0x000001f929582600 flushing  nmethod 0x000001f916f5db10
Event: 12174.870 Thread 0x000001f929582600 flushing  nmethod 0x000001f916f60690
Event: 12174.870 Thread 0x000001f929582600 flushing  nmethod 0x000001f916f88b10
Event: 12174.870 Thread 0x000001f929582600 flushing  nmethod 0x000001f916fa0f10
Event: 12174.871 Thread 0x000001f929582600 flushing  nmethod 0x000001f916fca710
Event: 12174.871 Thread 0x000001f929582600 flushing  nmethod 0x000001f916fd1b90
Event: 12174.871 Thread 0x000001f929582600 flushing  nmethod 0x000001f917001510
Event: 12174.872 Thread 0x000001f929582600 flushing  nmethod 0x000001f917019190
Event: 12174.872 Thread 0x000001f929582600 flushing  nmethod 0x000001f917026f90
Event: 12174.872 Thread 0x000001f929582600 flushing  nmethod 0x000001f917029a90
Event: 12174.872 Thread 0x000001f929582600 flushing  nmethod 0x000001f91703d210
Event: 12174.873 Thread 0x000001f929582600 flushing  nmethod 0x000001f917043990
Event: 12174.874 Thread 0x000001f929582600 flushing  nmethod 0x000001f917044910
Event: 12174.874 Thread 0x000001f929582600 flushing  nmethod 0x000001f917045990
Event: 12174.874 Thread 0x000001f929582600 flushing  nmethod 0x000001f917045e10
Event: 12174.874 Thread 0x000001f929582600 flushing  nmethod 0x000001f917051410
Event: 12174.874 Thread 0x000001f929582600 flushing  nmethod 0x000001f917067110
Event: 12174.874 Thread 0x000001f929582600 flushing  nmethod 0x000001f91714a710
Event: 12174.874 Thread 0x000001f929582600 flushing  nmethod 0x000001f917173410
Event: 12174.875 Thread 0x000001f929582600 flushing  nmethod 0x000001f9171b3410

Events (20 events):
Event: 12286.698 Thread 0x000001f973859f70 Thread added: 0x000001f973857180
Event: 12346.719 Thread 0x000001f973856af0 Thread exited: 0x000001f973856af0
Event: 12346.720 Thread 0x000001f973857180 Thread exited: 0x000001f973857180
Event: 12413.485 Thread 0x000001f978c825b0 Thread exited: 0x000001f978c825b0
Event: 12413.830 Thread 0x000001f978c7d6f0 Thread exited: 0x000001f978c7d6f0
Event: 12418.350 Thread 0x000001f9729f6b10 Thread added: 0x000001f973856af0
Event: 12488.135 Thread 0x000001f978c81890 Thread added: 0x000001f973857ea0
Event: 12536.530 Thread 0x000001f970064fd0 Thread added: 0x000001f971631f30
Event: 12537.033 Thread 0x000001f971631f30 Thread exited: 0x000001f971631f30
Event: 12613.052 Thread 0x000001f971207450 Thread exited: 0x000001f971207450
Event: 12613.151 Thread 0x000001f978c804e0 Thread exited: 0x000001f978c804e0
Event: 12672.908 Thread 0x000001f978c832d0 Thread exited: 0x000001f978c832d0
Event: 12673.175 Thread 0x000001f978c7f130 Thread exited: 0x000001f978c7f130
Event: 12732.927 Thread 0x000001f978c81890 Thread exited: 0x000001f978c81890
Event: 12733.191 Thread 0x000001f978c81200 Thread exited: 0x000001f978c81200
Event: 12752.617 Thread 0x000001f978c7d060 Thread exited: 0x000001f978c7d060
Event: 12793.223 Thread 0x000001f978c7c340 Thread exited: 0x000001f978c7c340
Event: 12853.258 Thread 0x000001f978c80b70 Thread exited: 0x000001f978c80b70
Event: 12913.251 Thread 0x000001f978c7fe50 Thread exited: 0x000001f978c7fe50
Event: 12973.264 Thread 0x000001f973856af0 Thread exited: 0x000001f973856af0


Dynamic libraries:
0x00007ff712040000 - 0x00007ff71204e000 	c:\Users\User\.vscode\extensions\redhat.java-1.49.0-win32-x64\jre\21.0.9-win32-x86_64\bin\java.exe
0x00007ffbd7580000 - 0x00007ffbd77e8000 	C:\WINDOWS\SYSTEM32\ntdll.dll
0x00007ffbd5fd0000 - 0x00007ffbd6099000 	C:\WINDOWS\System32\KERNEL32.DLL
0x00007ffbd49b0000 - 0x00007ffbd4da8000 	C:\WINDOWS\System32\KERNELBASE.dll
0x00007ffbd4db0000 - 0x00007ffbd4efb000 	C:\WINDOWS\System32\ucrtbase.dll
0x00007ffbbfc20000 - 0x00007ffbbfc3e000 	c:\Users\User\.vscode\extensions\redhat.java-1.49.0-win32-x64\jre\21.0.9-win32-x86_64\bin\VCRUNTIME140.dll
0x00007ffbbe6a0000 - 0x00007ffbbe6b8000 	c:\Users\User\.vscode\extensions\redhat.java-1.49.0-win32-x64\jre\21.0.9-win32-x86_64\bin\jli.dll
0x00007ffbd55c0000 - 0x00007ffbd5787000 	C:\WINDOWS\System32\USER32.dll
0x00007ffbbe370000 - 0x00007ffbbe604000 	C:\WINDOWS\WinSxS\amd64_microsoft.windows.common-controls_6595b64144ccf1df_6.0.26100.7019_none_3e06ffa0e335b8a8\COMCTL32.dll
0x00007ffbd4f00000 - 0x00007ffbd4f27000 	C:\WINDOWS\System32\win32u.dll
0x00007ffbd57c0000 - 0x00007ffbd5869000 	C:\WINDOWS\System32\msvcrt.dll
0x00007ffbd5320000 - 0x00007ffbd534b000 	C:\WINDOWS\System32\GDI32.dll
0x00007ffbd50b0000 - 0x00007ffbd51dc000 	C:\WINDOWS\System32\gdi32full.dll
0x00007ffbd46d0000 - 0x00007ffbd4773000 	C:\WINDOWS\System32\msvcp_win.dll
0x00007ffbd6ed0000 - 0x00007ffbd6f01000 	C:\WINDOWS\System32\IMM32.DLL
0x00007ffbcf190000 - 0x00007ffbcf19c000 	c:\Users\User\.vscode\extensions\redhat.java-1.49.0-win32-x64\jre\21.0.9-win32-x86_64\bin\vcruntime140_1.dll
0x00007ffba8040000 - 0x00007ffba80cd000 	c:\Users\User\.vscode\extensions\redhat.java-1.49.0-win32-x64\jre\21.0.9-win32-x86_64\bin\msvcp140.dll
0x00007ffb64f40000 - 0x00007ffb65ce0000 	c:\Users\User\.vscode\extensions\redhat.java-1.49.0-win32-x64\jre\21.0.9-win32-x86_64\bin\server\jvm.dll
0x00007ffbd6470000 - 0x00007ffbd6524000 	C:\WINDOWS\System32\ADVAPI32.dll
0x00007ffbd6530000 - 0x00007ffbd65d6000 	C:\WINDOWS\System32\sechost.dll
0x00007ffbd73a0000 - 0x00007ffbd74b8000 	C:\WINDOWS\System32\RPCRT4.dll
0x00007ffbd5450000 - 0x00007ffbd54c4000 	C:\WINDOWS\System32\WS2_32.dll
0x00007ffbbad80000 - 0x00007ffbbadb5000 	C:\WINDOWS\SYSTEM32\WINMM.dll
0x00007ffbc69d0000 - 0x00007ffbc69db000 	C:\WINDOWS\SYSTEM32\VERSION.dll
0x00007ffbd4530000 - 0x00007ffbd458e000 	C:\WINDOWS\SYSTEM32\POWRPROF.dll
0x00007ffbd4510000 - 0x00007ffbd4524000 	C:\WINDOWS\SYSTEM32\UMPDC.dll
0x00007ffbd3450000 - 0x00007ffbd346b000 	C:\WINDOWS\SYSTEM32\kernel.appcore.dll
0x00007ffbc3ee0000 - 0x00007ffbc3eea000 	c:\Users\User\.vscode\extensions\redhat.java-1.49.0-win32-x64\jre\21.0.9-win32-x86_64\bin\jimage.dll
0x00007ffbd1df0000 - 0x00007ffbd2032000 	C:\WINDOWS\SYSTEM32\DBGHELP.DLL
0x00007ffbd60e0000 - 0x00007ffbd646b000 	C:\WINDOWS\System32\combase.dll
0x00007ffbd6df0000 - 0x00007ffbd6ec7000 	C:\WINDOWS\System32\OLEAUT32.dll
0x00007ffbb5ab0000 - 0x00007ffbb5aec000 	C:\WINDOWS\SYSTEM32\dbgcore.DLL
0x00007ffbd5270000 - 0x00007ffbd5315000 	C:\WINDOWS\System32\bcryptPrimitives.dll
0x00007ffbc3d50000 - 0x00007ffbc3d5f000 	c:\Users\User\.vscode\extensions\redhat.java-1.49.0-win32-x64\jre\21.0.9-win32-x86_64\bin\instrument.dll
0x00007ffbbc520000 - 0x00007ffbbc540000 	c:\Users\User\.vscode\extensions\redhat.java-1.49.0-win32-x64\jre\21.0.9-win32-x86_64\bin\java.dll
0x00007ffbd5870000 - 0x00007ffbd5fc1000 	C:\WINDOWS\System32\SHELL32.dll
0x00007ffbd4780000 - 0x00007ffbd48eb000 	C:\WINDOWS\System32\wintypes.dll
0x00007ffbd22d0000 - 0x00007ffbd2b2d000 	C:\WINDOWS\SYSTEM32\windows.storage.dll
0x00007ffbd72a0000 - 0x00007ffbd7392000 	C:\WINDOWS\System32\SHCORE.dll
0x00007ffbd6d80000 - 0x00007ffbd6de7000 	C:\WINDOWS\System32\shlwapi.dll
0x00007ffbd45f0000 - 0x00007ffbd4619000 	C:\WINDOWS\SYSTEM32\profapi.dll
0x00007ffbbc3c0000 - 0x00007ffbbc3d8000 	c:\Users\User\.vscode\extensions\redhat.java-1.49.0-win32-x64\jre\21.0.9-win32-x86_64\bin\zip.dll
0x00007ffbc3d20000 - 0x00007ffbc3d30000 	C:\Users\User\.vscode\extensions\redhat.java-1.49.0-win32-x64\jre\21.0.9-win32-x86_64\bin\net.dll
0x00007ffbc82e0000 - 0x00007ffbc8408000 	C:\WINDOWS\SYSTEM32\WINHTTP.dll
0x00007ffbd39a0000 - 0x00007ffbd3a0b000 	C:\WINDOWS\system32\mswsock.dll
0x00007ffbbc2b0000 - 0x00007ffbbc2c6000 	C:\Users\User\.vscode\extensions\redhat.java-1.49.0-win32-x64\jre\21.0.9-win32-x86_64\bin\nio.dll
0x00007ffbc3c80000 - 0x00007ffbc3c90000 	c:\Users\User\.vscode\extensions\redhat.java-1.49.0-win32-x64\jre\21.0.9-win32-x86_64\bin\verify.dll
0x00007ffbab140000 - 0x00007ffbab184000 	C:\Users\User\AppData\Roaming\Code\User\globalStorage\redhat.java\1.49.0\config_win\org.eclipse.equinox.launcher\org.eclipse.equinox.launcher.win32.win32.x86_64_1.2.1400.v20250801-0854\eclipse_11916.dll
0x00007ffbd7100000 - 0x00007ffbd7297000 	C:\WINDOWS\System32\ole32.dll
0x00007ffbc3d80000 - 0x00007ffbc3d8a000 	C:\Users\User\.vscode\extensions\redhat.java-1.49.0-win32-x64\jre\21.0.9-win32-x86_64\bin\management.dll
0x00007ffbc3d70000 - 0x00007ffbc3d7c000 	C:\Users\User\.vscode\extensions\redhat.java-1.49.0-win32-x64\jre\21.0.9-win32-x86_64\bin\management_ext.dll
0x00007ffbd5790000 - 0x00007ffbd5798000 	C:\WINDOWS\System32\PSAPI.DLL
0x00007ffbd3d90000 - 0x00007ffbd3dab000 	C:\WINDOWS\SYSTEM32\CRYPTSP.dll
0x00007ffbd33b0000 - 0x00007ffbd33ea000 	C:\WINDOWS\system32\rsaenh.dll
0x00007ffbd3a50000 - 0x00007ffbd3a7b000 	C:\WINDOWS\SYSTEM32\USERENV.dll
0x00007ffbd45c0000 - 0x00007ffbd45ea000 	C:\WINDOWS\SYSTEM32\bcrypt.dll
0x00007ffbd3bf0000 - 0x00007ffbd3bfc000 	C:\WINDOWS\SYSTEM32\CRYPTBASE.dll
0x00007ffbd2e40000 - 0x00007ffbd2e74000 	C:\WINDOWS\SYSTEM32\IPHLPAPI.DLL
0x00007ffbd55b0000 - 0x00007ffbd55ba000 	C:\WINDOWS\System32\NSI.dll
0x00007ffbaab90000 - 0x00007ffbaabd9000 	C:\Users\User\AppData\Local\Temp\jna-2645995\jna5370822929617798899.dll
0x00007ffbc88a0000 - 0x00007ffbc88be000 	C:\WINDOWS\SYSTEM32\dhcpcsvc6.DLL
0x00007ffbc8240000 - 0x00007ffbc8263000 	C:\WINDOWS\SYSTEM32\dhcpcsvc.DLL
0x00007ffbcf1b0000 - 0x00007ffbcf1be000 	C:\Users\User\.vscode\extensions\redhat.java-1.49.0-win32-x64\jre\21.0.9-win32-x86_64\bin\sunmscapi.dll
0x00007ffbd4f30000 - 0x00007ffbd50a7000 	C:\WINDOWS\System32\CRYPT32.dll
0x00007ffbd3ee0000 - 0x00007ffbd3f10000 	C:\WINDOWS\SYSTEM32\ncrypt.dll
0x00007ffbd3e90000 - 0x00007ffbd3ecf000 	C:\WINDOWS\SYSTEM32\NTASN1.dll
0x00007ffbd2ed0000 - 0x00007ffbd2ffc000 	C:\WINDOWS\SYSTEM32\DNSAPI.dll
0x00007ffbc8890000 - 0x00007ffbc889b000 	C:\Windows\System32\rasadhlp.dll
0x00007ffbc7380000 - 0x00007ffbc7406000 	C:\WINDOWS\System32\fwpuclnt.dll
0x00007ffbcf1a0000 - 0x00007ffbcf1a9000 	C:\Users\User\.vscode\extensions\redhat.java-1.49.0-win32-x64\jre\21.0.9-win32-x86_64\bin\extnet.dll
0x00007ffbd3570000 - 0x00007ffbd35a6000 	C:\WINDOWS\SYSTEM32\ntmarta.dll
0x00007ffbacd10000 - 0x00007ffbacd18000 	C:\WINDOWS\system32\wshunix.dll

JVMTI agents:
c:\Users\User\.vscode\extensions\redhat.java-1.49.0-win32-x64\lombok\lombok-1.18.39-4050.jar path:c:\Users\User\.vscode\extensions\redhat.java-1.49.0-win32-x64\jre\21.0.9-win32-x86_64\bin\instrument.dll, loaded, initialized, instrumentlib options:none

dbghelp: loaded successfully - version: 4.0.5 - missing functions: none
symbol engine: initialized successfully - sym options: 0x614 - pdb path: .;c:\Users\User\.vscode\extensions\redhat.java-1.49.0-win32-x64\jre\21.0.9-win32-x86_64\bin;C:\WINDOWS\SYSTEM32;C:\WINDOWS\WinSxS\amd64_microsoft.windows.common-controls_6595b64144ccf1df_6.0.26100.7019_none_3e06ffa0e335b8a8;c:\Users\User\.vscode\extensions\redhat.java-1.49.0-win32-x64\jre\21.0.9-win32-x86_64\bin\server;C:\Users\User\AppData\Roaming\Code\User\globalStorage\redhat.java\1.49.0\config_win\org.eclipse.equinox.launcher\org.eclipse.equinox.launcher.win32.win32.x86_64_1.2.1400.v20250801-0854;C:\Users\User\AppData\Local\Temp\jna-2645995

VM Arguments:
jvm_args: --add-modules=ALL-SYSTEM --add-opens=java.base/java.util=ALL-UNNAMED --add-opens=java.base/java.lang=ALL-UNNAMED --add-opens=java.base/sun.nio.fs=ALL-UNNAMED -Declipse.application=org.eclipse.jdt.ls.core.id1 -Dosgi.bundles.defaultStartLevel=4 -Declipse.product=org.eclipse.jdt.ls.core.product -Djava.import.generatesMetadataFilesAtProjectRoot=false -DDetectVMInstallationsJob.disabled=true -Dfile.encoding=utf8 -XX:+UseParallelGC -XX:GCTimeRatio=4 -XX:AdaptiveSizePolicyWeight=90 -Dsun.zip.disableMemoryMapping=true -Xmx2G -Xms100m -Xlog:disable -javaagent:c:\Users\User\.vscode\extensions\redhat.java-1.49.0-win32-x64\lombok\lombok-1.18.39-4050.jar -XX:+HeapDumpOnOutOfMemoryError -XX:HeapDumpPath=c:\Users\User\AppData\Roaming\Code\User\workspaceStorage\8ac7433a9628a583eba864a3054a3401\redhat.java -Daether.dependencyCollector.impl=bf 
java_command: c:\Users\User\.vscode\extensions\redhat.java-1.49.0-win32-x64\server\plugins\org.eclipse.equinox.launcher_1.7.100.v20251111-0406.jar -configuration c:\Users\User\AppData\Roaming\Code\User\globalStorage\redhat.java\1.49.0\config_win -data c:\Users\User\AppData\Roaming\Code\User\workspaceStorage\8ac7433a9628a583eba864a3054a3401\redhat.java\jdt_ws --pipe=\\.\pipe\lsp-001463703cdce753146d719ac459acef-sock
java_class_path (initial): c:\Users\User\.vscode\extensions\redhat.java-1.49.0-win32-x64\server\plugins\org.eclipse.equinox.launcher_1.7.100.v20251111-0406.jar
Launcher Type: SUN_STANDARD

[Global flags]
    uintx AdaptiveSizePolicyWeight                 = 90                                        {product} {command line}
     intx CICompilerCount                          = 4                                         {product} {ergonomic}
    uintx GCTimeRatio                              = 4                                         {product} {command line}
     bool HeapDumpOnOutOfMemoryError               = true                                   {manageable} {command line}
    ccstr HeapDumpPath                             = c:\Users\User\AppData\Roaming\Code\User\workspaceStorage\8ac7433a9628a583eba864a3054a3401\redhat.java         {manageable} {command line}
   size_t InitialHeapSize                          = 104857600                                 {product} {command line}
   size_t MaxHeapSize                              = 2147483648                                {product} {command line}
   size_t MaxNewSize                               = 715653120                                 {product} {ergonomic}
   size_t MinHeapDeltaBytes                        = 524288                                    {product} {ergonomic}
   size_t MinHeapSize                              = 104857600                                 {product} {command line}
   size_t NewSize                                  = 34603008                                  {product} {ergonomic}
    uintx NonNMethodCodeHeapSize                   = 5839372                                {pd product} {ergonomic}
    uintx NonProfiledCodeHeapSize                  = 122909434                              {pd product} {ergonomic}
   size_t OldSize                                  = 70254592                                  {product} {ergonomic}
    uintx ProfiledCodeHeapSize                     = 122909434                              {pd product} {ergonomic}
    uintx ReservedCodeCacheSize                    = 251658240                              {pd product} {ergonomic}
     bool SegmentedCodeCache                       = true                                      {product} {ergonomic}
   size_t SoftMaxHeapSize                          = 2147483648                             {manageable} {ergonomic}
     bool UseCompressedOops                        = true                           {product lp64_product} {ergonomic}
     bool UseLargePagesIndividualAllocation        = false                                  {pd product} {ergonomic}
     bool UseParallelGC                            = true                                      {product} {command line}

Logging:
Log output configuration:
 #0: stdout all=off uptime,level,tags foldmultilines=false
 #1: stderr all=off uptime,level,tags foldmultilines=false

Release file:
JAVA_VERSION="21.0.9" 
MODULES="java.base java.compiler java.datatransfer java.xml java.prefs java.desktop java.instrument java.logging java.management java.security.sasl java.naming java.rmi java.management.rmi java.net.http java.scripting java.security.jgss java.transaction.xa java.sql java.sql.rowset java.xml.crypto java.se java.smartcardio jdk.accessibility jdk.internal.jvmstat jdk.attach jdk.charsets jdk.internal.opt jdk.zipfs jdk.compiler jdk.crypto.ec jdk.crypto.cryptoki jdk.crypto.mscapi jdk.dynalink jdk.internal.ed jdk.editpad jdk.hotspot.agent jdk.httpserver jdk.internal.le jdk.internal.vm.ci jdk.internal.vm.compiler jdk.internal.vm.compiler.management jdk.jartool jdk.javadoc jdk.jcmd jdk.management jdk.management.agent jdk.jconsole jdk.jdeps jdk.jdwp.agent jdk.jdi jdk.jfr jdk.jshell jdk.jsobject jdk.jstatd jdk.localedata jdk.management.jfr jdk.naming.dns jdk.naming.rmi jdk.net jdk.nio.mapmode jdk.random jdk.sctp jdk.security.auth jdk.security.jgss jdk.unsupported jdk.unsupported.desktop jdk.xml.dom" 

Environment Variables:
PATH=C:\Program Files\Common Files\Oracle\Java\javapath;C:\Program Files (x86)\Common Files\Oracle\Java\java8path;C:\Program Files (x86)\Common Files\Oracle\Java\javapath;C:\Program Files (x86)\Common Files\Intel\Shared Libraries\redist\intel64\compiler;C:\WINDOWS\system32;C:\WINDOWS;C:\WINDOWS\System32\Wbem;C:\WINDOWS\System32\WindowsPowerShell\v1.0\;C:\WINDOWS\System32\OpenSSH\;C:\Program Files\nodejs\;C:\Program Files\Git\cmd;C:\Program Files\MySQL\MySQL Shell 8.0\bin\;C:\Users\User\AppData\Local\Programs\Python\Python313\Scripts\;C:\Users\User\AppData\Local\Programs\Python\Python313\;C:\Users\User\AppData\Local\Programs\Python\Launcher\;C:\Users\User\AppData\Local\Microsoft\WindowsApps;C:\Users\User\AppData\Local\atom\bin;C:\Users\User\AppData\Local\Programs\Microsoft VS Code\bin;C:\Users\User\AppData\Roaming\npm;C:\Users\User\AppData\Local\Microsoft\WindowsApps;
USERNAME=User
OS=Windows_NT
PROCESSOR_IDENTIFIER=Intel64 Family 6 Model 142 Stepping 12, GenuineIntel
TMP=C:\Users\User\AppData\Local\Temp
TEMP=C:\Users\User\AppData\Local\Temp




Periodic native trim disabled

---------------  S Y S T E M  ---------------

OS:
 Windows 11 , 64 bit Build 26100 (10.0.26100.7019)
OS uptime: 25 days 10:33 hours
Hyper-V role detected

CPU: total 8 (initial active 8) (4 cores per cpu, 2 threads per core) family 6 model 142 stepping 12 microcode 0xde, cx8, cmov, fxsr, ht, mmx, 3dnowpref, sse, sse2, sse3, ssse3, sse4.1, sse4.2, popcnt, lzcnt, tsc, tscinvbit, avx, avx2, aes, erms, clmul, bmi1, bmi2, adx, fma, vzeroupper, clflush, clflushopt, hv, rdtscp, f16c
Processor Information for processor 0
  Max Mhz: 2112, Current Mhz: 1508, Mhz Limit: 1605
Processor Information for processor 1
  Max Mhz: 2112, Current Mhz: 1508, Mhz Limit: 1605
Processor Information for processor 2
  Max Mhz: 2112, Current Mhz: 1609, Mhz Limit: 1605
Processor Information for processor 3
  Max Mhz: 2112, Current Mhz: 1508, Mhz Limit: 1605
Processor Information for processor 4
  Max Mhz: 2112, Current Mhz: 1508, Mhz Limit: 1605
Processor Information for processor 5
  Max Mhz: 2112, Current Mhz: 1508, Mhz Limit: 1605
Processor Information for processor 6
  Max Mhz: 2112, Current Mhz: 1508, Mhz Limit: 1605
Processor Information for processor 7
  Max Mhz: 2112, Current Mhz: 1508, Mhz Limit: 1605

Memory: 4k page, system-wide physical 3899M (290M free)
TotalPageFile size 15675M (AvailPageFile size 87M)
current process WorkingSet (physical memory assigned to process): 10M, peak: 483M
current process commit charge ("private bytes"): 1258M, peak: 1260M

vm_info: OpenJDK 64-Bit Server VM (21.0.9+10-LTS) for windows-amd64 JRE (21.0.9+10-LTS), built on 2025-10-21T00:00:00Z by "admin" with unknown MS VC++:1942

END.
